// Jest Snapshot v1, https://jestjs.io/docs/snapshot-testing

exports[`candidateAutosuggestInputs should return candidateAutosuggestInputs 1`] = `
[
  {
    "containerId": "subject-autosuggest-data",
    "inputIds": [
      "candidate-interface-other-qualification-details-form-subject-field",
      "candidate-interface-other-qualification-details-form-subject-field-error",
    ],
  },
  {
    "containerId": "grade-autosuggest-data",
    "inputIds": [
      "candidate-interface-other-qualification-details-form-grade-field",
      "candidate-interface-other-qualification-details-form-grade-field-error",
    ],
    "styles": [Function],
  },
  {
    "containerId": "other-uk-qualifications-autosuggest",
    "inputIds": [
      "candidate-interface-other-qualification-type-form-other-uk-qualification-type-field",
      "candidate-interface-other-qualification-type-form-other-uk-qualification-type-field-error",
    ],
  },
]
`;
