// Jest Snapshot v1, https://goo.gl/fbAQLP

exports[`supportAutocompleteInputs should return supportAutocompleteInputs 1`] = `
[
  {
    "autocompleteId": "api-token-autocomplete",
    "inputIds": [
      "vendor-api-token-provider-id-field",
      "vendor-api-token-provider-id-field-error",
    ],
  },
  {
    "autocompleteId": "country-autocomplete",
    "inputIds": [
      "support-interface-application-forms-edit-address-details-form-country-field",
      "support-interface-application-forms-edit-address-details-form-country-field-error",
    ],
  },
]
`;
